// Jest Snapshot v1, https://goo.gl/fbAQLP

exports[`Bitmap constructor should create a bitmap with a data matrix for given size 1`] = `
Array [
  Array [
    false,
    false,
  ],
  Array [
    false,
    false,
  ],
  Array [
    false,
    false,
  ],
]
`;
