// Jest Snapshot v1, https://goo.gl/fbAQLP

exports[`main should write the correct output for the input 1`] = `
"0 1 2 3 4 4 3 2 1 0
1 0 1 2 3 3 2 1 0 1
2 1 0 1 2 2 1 0 1 2
3 2 1 0 1 1 0 1 2 3
4 3 2 1 0 0 1 2 3 4
4 3 2 1 0 0 1 2 3 4
3 2 1 0 1 1 0 1 2 3
2 1 0 1 2 2 1 0 1 2
1 0 1 2 3 3 2 1 0 1
0 1 2 3 4 4 3 2 1 0
0 0 0 0
0 1 1 0
0 1 1 0
0 0 0 0
âˆž
0
8 7 6 5 4 4 5 6 7 8
7 6 5 4 3 3 4 5 6 7
6 5 4 3 2 2 3 4 5 6
5 4 3 2 1 1 2 3 4 5
4 3 2 1 0 0 1 2 3 4
4 3 2 1 0 0 1 2 3 4
5 4 3 2 1 1 2 3 4 5
6 5 4 3 2 2 3 4 5 6
7 6 5 4 3 3 4 5 6 7
8 7 6 5 4 4 5 6 7 8
"
`;

exports[`main should write the correct output for the input 2`] = `false`;
